../Core/Src/main.c:58:6:zero	8	static
../Core/Src/main.c:85:6:one	8	static
../Core/Src/main.c:98:6:two	8	static
../Core/Src/main.c:123:6:tree	8	static
../Core/Src/main.c:148:6:four	8	static
../Core/Src/main.c:169:6:five	8	static
../Core/Src/main.c:194:6:six	8	static
../Core/Src/main.c:221:6:seven	8	static
../Core/Src/main.c:242:6:eight	8	static
../Core/Src/main.c:271:6:nine	8	static
../Core/Src/main.c:304:5:main	8	static
../Core/Src/main.c:429:6:SystemClock_Config	88	static
../Core/Src/main.c:471:13:MX_ADC1_Init	24	static
../Core/Src/main.c:523:13:MX_GPIO_Init	40	static
../Core/Src/main.c:584:6:HAL_GPIO_EXTI_Callback	16	static
../Core/Src/main.c:593:6:Error_Handler	4	static,ignoring_inline_asm
